2025-02-24 13:31:04 - tcoptcls02 aws_vip monitor pending 193 7 -1
2025-02-24 13:31:05 - tcoptcls02 aws_vip monitor ok 0 7 0
2025-02-24 13:31:05 - tcoptcls02 aws_vip monitor ok 0 7 0
2025-02-24 13:31:05 - tcoptcls02 aws_vip monitor pending 193 0 -1
2025-02-24 13:31:05 - tcoptcls02 aws_vip monitor OK 0 0 0
2025-02-24 14:07:43 - tcoptcls02 nginx stop pending 193 0 -1
2025-02-24 14:07:44 - tcoptcls02 nginx stop OK 0 0 0
2025-02-24 14:07:44 - tcoptcls02 aws_vip stop pending 193 0 -1
2025-02-24 14:07:50 - tcoptcls02 aws_vip stop OK 0 0 0
2025-02-24 14:07:50 - tcoptcls03 aws_vip start pending 193 0 -1
2025-02-24 14:07:57 - tcoptcls03 aws_vip start OK 0 0 0
2025-02-24 14:07:57 - tcoptcls03 aws_vip monitor pending 193 0 -1
2025-02-24 14:07:57 - tcoptcls03 nginx start pending 193 0 -1
2025-02-24 14:07:58 - tcoptcls03 nginx start OK 0 0 0
2025-02-24 14:07:58 - tcoptcls03 nginx monitor pending 193 0 -1
2025-02-24 14:07:58 - tcoptcls03 nginx monitor OK 0 0 0
2025-02-24 14:07:58 - tcoptcls03 aws_vip monitor OK 0 0 0
2025-02-24 14:11:10 - tcoptcls03 nginx stop pending 193 0 -1
2025-02-24 14:11:10 - tcoptcls03 nginx stop OK 0 0 0
2025-02-24 14:11:10 - tcoptcls03 aws_vip stop pending 193 0 -1
2025-02-24 14:11:17 - tcoptcls03 aws_vip stop OK 0 0 0
2025-02-24 14:12:39 - tcoptcls02 nginx monitor ok 0 7 0
2025-02-24 14:12:39 - tcoptcls02 aws_vip monitor ok 0 7 0
2025-02-24 14:12:39 - tcoptcls02 stonith-sbd start OK 0 0 0
2025-02-24 14:12:39 - tcoptcls02 alert_script start OK 0 0 0
2025-02-24 14:12:39 - tcoptcls02 nginx stop OK 0 0 0
2025-02-24 14:12:39 - tcoptcls02 aws_vip stop OK 0 0 0
2025-02-24 23:58:58 - tcoptcls02 aws_vip stop OK 0 0 0
2025-02-24 23:58:59 - tcoptcls03 aws_vip stop OK 0 0 0
2025-02-24 23:59:01 - tcoptcls02 stonith-sbd start OK 0 0 0
2025-02-24 23:59:29 - tcoptcls03 aws_vip start pending 193 0 -1
2025-02-24 23:59:36 - tcoptcls03 aws_vip start OK 0 0 0
2025-02-24 23:59:36 - tcoptcls03 aws_vip monitor pending 193 0 -1
2025-02-24 23:59:36 - tcoptcls03 nginx start pending 193 0 -1
2025-02-24 23:59:36 - tcoptcls03 nginx start OK 0 0 0
2025-02-24 23:59:36 - tcoptcls03 nginx monitor pending 193 0 -1
2025-02-24 23:59:37 - tcoptcls03 nginx monitor OK 0 0 0
2025-02-24 23:59:37 - tcoptcls03 aws_vip monitor OK 0 0 0
2025-02-25 00:00:22 - tcoptcls03 nginx monitor pending 193 7 -1
2025-02-25 00:00:22 - tcoptcls02 nginx monitor pending 193 7 -1
2025-02-25 00:00:22 - tcoptcls03 nginx monitor ok 0 7 0
2025-02-25 00:00:22 - tcoptcls03 nginx monitor ok 0 7 0
2025-02-25 00:00:23 - tcoptcls02 nginx monitor error 1 7 0
2025-02-25 00:00:23 - tcoptcls02 nginx monitor error 1 7 0
2025-02-25 00:00:23 - tcoptcls02 nginx stop pending 193 0 -1
2025-02-25 00:00:23 - tcoptcls03 nginx stop pending 193 0 -1
2025-02-25 00:00:23 - tcoptcls02 nginx stop OK 0 0 0
2025-02-25 00:00:23 - tcoptcls03 nginx stop OK 0 0 0
2025-02-25 00:00:23 - tcoptcls03 nginx start pending 193 0 -1
2025-02-25 00:00:23 - tcoptcls03 nginx start OK 0 0 0
2025-02-25 00:00:23 - tcoptcls03 nginx monitor pending 193 0 -1
2025-02-25 00:00:23 - tcoptcls03 nginx monitor OK 0 0 0
2025-02-25 00:00:27 - tcoptcls03 aws_vip monitor pending 193 7 -1
2025-02-25 00:00:27 - tcoptcls02 aws_vip monitor pending 193 7 -1
2025-02-25 00:00:28 - tcoptcls02 aws_vip monitor error 1 7 0
2025-02-25 00:00:28 - tcoptcls02 aws_vip monitor error 1 7 0
2025-02-25 00:00:28 - tcoptcls03 aws_vip monitor ok 0 7 0
2025-02-25 00:00:28 - tcoptcls03 aws_vip monitor ok 0 7 0
2025-02-25 00:00:28 - tcoptcls03 nginx stop pending 193 0 -1
2025-02-25 00:00:28 - tcoptcls03 aws_vip stop pending 193 0 -1
2025-02-25 00:00:28 - tcoptcls03 nginx stop OK 0 0 0
2025-02-25 00:00:28 - tcoptcls02 aws_vip stop pending 193 0 -1
2025-02-25 00:00:35 - tcoptcls02 aws_vip stop OK 0 0 0
2025-02-25 00:00:35 - tcoptcls03 aws_vip stop OK 0 0 0
2025-02-25 00:00:35 - tcoptcls03 aws_vip start pending 193 0 -1
2025-02-25 00:00:42 - tcoptcls03 aws_vip start OK 0 0 0
2025-02-25 00:00:42 - tcoptcls03 aws_vip monitor pending 193 0 -1
2025-02-25 00:00:42 - tcoptcls03 nginx start pending 193 0 -1
2025-02-25 00:00:42 - tcoptcls03 nginx start OK 0 0 0
2025-02-25 00:00:42 - tcoptcls03 nginx monitor pending 193 0 -1
2025-02-25 00:00:42 - tcoptcls03 nginx monitor OK 0 0 0
2025-02-25 00:00:43 - tcoptcls03 aws_vip monitor OK 0 0 0
2025-02-25 00:00:56 - tcoptcls02 aws_vip monitor pending 193 7 -1
2025-02-25 00:00:57 - tcoptcls02 aws_vip monitor error 1 7 0
2025-02-25 00:00:57 - tcoptcls02 aws_vip monitor error 1 7 0
2025-02-25 00:00:57 - tcoptcls03 nginx stop pending 193 0 -1
2025-02-25 00:00:57 - tcoptcls03 nginx stop OK 0 0 0
2025-02-25 00:00:57 - tcoptcls03 aws_vip stop pending 193 0 -1
2025-02-25 00:00:57 - tcoptcls02 aws_vip stop pending 193 0 -1
2025-02-25 00:01:04 - tcoptcls02 aws_vip stop OK 0 0 0
2025-02-25 00:01:04 - tcoptcls03 aws_vip stop OK 0 0 0
2025-02-25 00:01:04 - tcoptcls03 aws_vip start pending 193 0 -1
2025-02-25 00:01:11 - tcoptcls03 aws_vip monitor pending 193 0 -1
2025-02-25 00:01:11 - tcoptcls03 aws_vip start OK 0 0 0
2025-02-25 00:01:11 - tcoptcls03 nginx start pending 193 0 -1
2025-02-25 00:01:11 - tcoptcls03 nginx start OK 0 0 0
2025-02-25 00:01:11 - tcoptcls03 nginx monitor pending 193 0 -1
2025-02-25 00:01:11 - tcoptcls03 nginx monitor OK 0 0 0
2025-02-25 00:01:13 - tcoptcls03 aws_vip monitor OK 0 0 0
2025-02-25 00:01:29 - tcoptcls03 nginx stop pending 193 0 -1
2025-02-25 00:01:29 - tcoptcls03 aws_vip stop pending 193 0 -1
2025-02-25 00:01:29 - tcoptcls03 nginx stop OK 0 0 0
2025-02-25 00:01:36 - tcoptcls03 aws_vip stop OK 0 0 0
2025-02-25 00:01:50 - tcoptcls02 nginx monitor pending 193 7 -1
2025-02-25 00:01:50 - tcoptcls02 nginx monitor error 1 7 0
2025-02-25 00:01:50 - tcoptcls02 nginx monitor error 1 7 0
2025-02-25 00:01:50 - tcoptcls02 nginx stop pending 193 0 -1
2025-02-25 00:01:50 - tcoptcls02 nginx stop OK 0 0 0
2025-02-25 00:01:56 - tcoptcls02 aws_vip monitor pending 193 7 -1
2025-02-25 00:01:57 - tcoptcls02 aws_vip monitor error 1 7 0
2025-02-25 00:01:57 - tcoptcls02 aws_vip monitor error 1 7 0
2025-02-25 00:01:57 - tcoptcls02 aws_vip stop pending 193 0 -1
2025-02-25 00:01:58 - tcoptcls02 aws_vip stop OK 0 0 0
2025-02-25 00:03:29 - tcoptcls03 aws_vip start pending 193 0 -1
2025-02-25 00:03:37 - tcoptcls03 aws_vip start OK 0 0 0
2025-02-25 00:03:37 - tcoptcls03 aws_vip monitor pending 193 0 -1
2025-02-25 00:03:37 - tcoptcls03 nginx start pending 193 0 -1
2025-02-25 00:03:37 - tcoptcls03 nginx start OK 0 0 0
2025-02-25 00:03:37 - tcoptcls03 nginx monitor pending 193 0 -1
2025-02-25 00:03:37 - tcoptcls03 nginx monitor OK 0 0 0
2025-02-25 00:03:38 - tcoptcls03 aws_vip monitor OK 0 0 0
2025-02-25 00:03:50 - tcoptcls02 aws_vip monitor pending 193 7 -1
2025-02-25 00:03:51 - tcoptcls02 aws_vip monitor error 1 7 0
2025-02-25 00:03:51 - tcoptcls02 aws_vip monitor error 1 7 0
2025-02-25 00:03:51 - tcoptcls03 nginx stop pending 193 0 -1
2025-02-25 00:03:51 - tcoptcls03 nginx stop OK 0 0 0
2025-02-25 00:03:51 - tcoptcls03 aws_vip stop pending 193 0 -1
2025-02-25 00:03:51 - tcoptcls02 aws_vip stop pending 193 0 -1
2025-02-25 00:04:03 - tcoptcls02 aws_vip stop OK 0 0 0
2025-02-25 00:04:03 - tcoptcls03 aws_vip stop OK 0 0 0
2025-02-25 00:04:03 - tcoptcls03 aws_vip start pending 193 0 -1
2025-02-25 00:04:10 - tcoptcls03 nginx start pending 193 0 -1
2025-02-25 00:04:10 - tcoptcls03 aws_vip start OK 0 0 0
2025-02-25 00:04:10 - tcoptcls03 aws_vip monitor pending 193 0 -1
2025-02-25 00:04:11 - tcoptcls03 nginx start OK 0 0 0
2025-02-25 00:04:11 - tcoptcls03 nginx monitor pending 193 0 -1
2025-02-25 00:04:11 - tcoptcls03 nginx monitor OK 0 0 0
2025-02-25 00:04:12 - tcoptcls03 aws_vip monitor OK 0 0 0
2025-02-25 00:04:16 - tcoptcls03 nginx stop pending 193 0 -1
2025-02-25 00:04:16 - tcoptcls03 nginx stop OK 0 0 0
2025-02-25 00:04:16 - tcoptcls03 aws_vip stop pending 193 0 -1
2025-02-25 00:04:28 - tcoptcls03 aws_vip stop OK 0 0 0
2025-02-25 00:04:29 - tcoptcls03 aws_vip start pending 193 0 -1
2025-02-25 00:04:36 - tcoptcls03 aws_vip start OK 0 0 0
2025-02-25 00:04:36 - tcoptcls03 nginx start pending 193 0 -1
2025-02-25 00:04:36 - tcoptcls03 aws_vip monitor pending 193 0 -1
2025-02-25 00:04:37 - tcoptcls03 nginx start OK 0 0 0
2025-02-25 00:04:37 - tcoptcls03 nginx monitor pending 193 0 -1
2025-02-25 00:04:37 - tcoptcls03 nginx monitor OK 0 0 0
2025-02-25 00:04:39 - tcoptcls03 aws_vip monitor OK 0 0 0
2025-02-25 00:06:33 - tcoptcls03 nginx stop pending 193 0 -1
2025-02-25 00:06:33 - tcoptcls03 nginx stop OK 0 0 0
2025-02-25 00:06:33 - tcoptcls03 aws_vip stop pending 193 0 -1
2025-02-25 00:06:40 - tcoptcls03 aws_vip stop OK 0 0 0
2025-02-25 00:06:41 - tcoptcls02 aws_vip start pending 193 0 -1
2025-02-25 00:06:47 - tcoptcls02 aws_vip start OK 0 0 0
2025-02-25 00:06:47 - tcoptcls02 nginx start pending 193 0 -1
2025-02-25 00:06:47 - tcoptcls02 aws_vip monitor pending 193 0 -1
2025-02-25 00:06:48 - tcoptcls02 nginx start OK 0 0 0
2025-02-25 00:06:48 - tcoptcls02 nginx monitor pending 193 0 -1
2025-02-25 00:06:48 - tcoptcls02 nginx monitor OK 0 0 0
2025-02-25 00:06:48 - tcoptcls02 aws_vip monitor OK 0 0 0
2025-02-25 00:07:14 - tcoptcls02 nginx monitor pending 193 7 -1
2025-02-25 00:07:14 - tcoptcls02 nginx monitor ok 0 7 0
2025-02-25 00:07:14 - tcoptcls02 nginx monitor ok 0 7 0
2025-02-25 00:07:14 - tcoptcls02 nginx monitor pending 193 0 -1
2025-02-25 00:07:14 - tcoptcls02 nginx monitor OK 0 0 0
2025-02-25 00:07:27 - tcoptcls02 aws_vip monitor pending 193 7 -1
2025-02-25 00:07:27 - tcoptcls02 aws_vip monitor ok 0 7 0
2025-02-25 00:07:27 - tcoptcls02 aws_vip monitor ok 0 7 0
2025-02-25 00:07:27 - tcoptcls02 aws_vip monitor pending 193 0 -1
2025-02-25 00:07:28 - tcoptcls02 aws_vip monitor OK 0 0 0
2025-02-25 00:16:15 - tcoptcls02 nginx monitor error 1 0 0
2025-02-25 00:16:15 - tcoptcls02 nginx stop pending 193 0 -1
2025-02-25 00:16:15 - tcoptcls02 nginx stop OK 0 0 0
2025-02-25 00:16:15 - tcoptcls02 nginx start pending 193 0 -1
2025-02-25 00:16:15 - tcoptcls02 nginx start OK 0 0 0
2025-02-25 00:16:15 - tcoptcls02 nginx monitor pending 193 0 -1
2025-02-25 00:16:15 - tcoptcls02 nginx monitor error 1 0 0
2025-02-25 00:16:15 - tcoptcls02 nginx stop pending 193 0 -1
2025-02-25 00:16:16 - tcoptcls02 nginx stop OK 0 0 0
2025-02-25 00:16:16 - tcoptcls02 nginx start pending 193 0 -1
2025-02-25 00:16:16 - tcoptcls02 nginx start OK 0 0 0
2025-02-25 00:16:16 - tcoptcls02 nginx monitor pending 193 0 -1
2025-02-25 00:16:16 - tcoptcls02 nginx monitor error 1 0 0
2025-02-25 00:16:16 - tcoptcls02 nginx stop pending 193 0 -1
2025-02-25 00:16:16 - tcoptcls02 nginx stop OK 0 0 0
2025-02-25 00:16:16 - tcoptcls02 aws_vip stop pending 193 0 -1
2025-02-25 00:16:27 - tcoptcls02 aws_vip stop OK 0 0 0
2025-02-25 00:16:27 - tcoptcls03 aws_vip start pending 193 0 -1
2025-02-25 00:16:36 - tcoptcls03 aws_vip start OK 0 0 0
2025-02-25 00:16:36 - tcoptcls03 aws_vip monitor pending 193 0 -1
2025-02-25 00:16:36 - tcoptcls03 nginx start pending 193 0 -1
2025-02-25 00:16:36 - tcoptcls03 nginx start OK 0 0 0
2025-02-25 00:16:36 - tcoptcls03 nginx monitor pending 193 0 -1
2025-02-25 00:16:36 - tcoptcls03 nginx monitor OK 0 0 0
2025-02-25 00:16:37 - tcoptcls03 aws_vip monitor OK 0 0 0
2025-02-25 00:20:47 - tcoptcls03 nginx monitor error 1 0 0
2025-02-25 00:20:47 - tcoptcls03 nginx stop pending 193 0 -1
2025-02-25 00:20:47 - tcoptcls03 nginx stop OK 0 0 0
2025-02-25 00:20:47 - tcoptcls03 nginx start pending 193 0 -1
2025-02-25 00:20:47 - tcoptcls03 nginx start OK 0 0 0
2025-02-25 00:20:47 - tcoptcls03 nginx monitor pending 193 0 -1
2025-02-25 00:20:47 - tcoptcls03 nginx monitor error 1 0 0
2025-02-25 00:20:47 - tcoptcls03 nginx stop pending 193 0 -1
2025-02-25 00:20:47 - tcoptcls03 nginx stop OK 0 0 0
2025-02-25 00:20:47 - tcoptcls03 nginx start pending 193 0 -1
2025-02-25 00:20:47 - tcoptcls03 nginx start OK 0 0 0
2025-02-25 00:20:47 - tcoptcls03 nginx monitor pending 193 0 -1
2025-02-25 00:20:47 - tcoptcls03 nginx monitor error 1 0 0
2025-02-25 00:20:47 - tcoptcls03 nginx stop pending 193 0 -1
2025-02-25 00:20:47 - tcoptcls03 nginx stop OK 0 0 0
